Archive member included to satisfy reference by file (symbol)

c:/program files (x86)/atmel/studio/7.0/toolchain/avr8/avr8-gnu-toolchain/bin/../lib/gcc/avr/4.9.2/../../../../avr/lib/avr5\libm.a(addsf3.o)
                              Arduino/src/Print.o (__subsf3)
c:/program files (x86)/atmel/studio/7.0/toolchain/avr8/avr8-gnu-toolchain/bin/../lib/gcc/avr/4.9.2/../../../../avr/lib/avr5\libm.a(addsf3x.o)
                              c:/program files (x86)/atmel/studio/7.0/toolchain/avr8/avr8-gnu-toolchain/bin/../lib/gcc/avr/4.9.2/../../../../avr/lib/avr5\libm.a(addsf3.o) (__addsf3x)
c:/program files (x86)/atmel/studio/7.0/toolchain/avr8/avr8-gnu-toolchain/bin/../lib/gcc/avr/4.9.2/../../../../avr/lib/avr5\libm.a(cmpsf2.o)
                              Arduino/src/Print.o (__ltsf2)
c:/program files (x86)/atmel/studio/7.0/toolchain/avr8/avr8-gnu-toolchain/bin/../lib/gcc/avr/4.9.2/../../../../avr/lib/avr5\libm.a(divsf3.o)
                              Arduino/src/Print.o (__divsf3)
c:/program files (x86)/atmel/studio/7.0/toolchain/avr8/avr8-gnu-toolchain/bin/../lib/gcc/avr/4.9.2/../../../../avr/lib/avr5\libm.a(divsf3x.o)
                              c:/program files (x86)/atmel/studio/7.0/toolchain/avr8/avr8-gnu-toolchain/bin/../lib/gcc/avr/4.9.2/../../../../avr/lib/avr5\libm.a(divsf3.o) (__divsf3x)
c:/program files (x86)/atmel/studio/7.0/toolchain/avr8/avr8-gnu-toolchain/bin/../lib/gcc/avr/4.9.2/../../../../avr/lib/avr5\libm.a(fixsfsi.o)
                              Arduino/src/Print.o (__fixsfsi)
c:/program files (x86)/atmel/studio/7.0/toolchain/avr8/avr8-gnu-toolchain/bin/../lib/gcc/avr/4.9.2/../../../../avr/lib/avr5\libm.a(fixunssfsi.o)
                              Arduino/src/Print.o (__fixunssfsi)
c:/program files (x86)/atmel/studio/7.0/toolchain/avr8/avr8-gnu-toolchain/bin/../lib/gcc/avr/4.9.2/../../../../avr/lib/avr5\libm.a(floatsisf.o)
                              Arduino/src/Print.o (__floatunsisf)
c:/program files (x86)/atmel/studio/7.0/toolchain/avr8/avr8-gnu-toolchain/bin/../lib/gcc/avr/4.9.2/../../../../avr/lib/avr5\libm.a(fp_cmp.o)
                              c:/program files (x86)/atmel/studio/7.0/toolchain/avr8/avr8-gnu-toolchain/bin/../lib/gcc/avr/4.9.2/../../../../avr/lib/avr5\libm.a(cmpsf2.o) (__fp_cmp)
c:/program files (x86)/atmel/studio/7.0/toolchain/avr8/avr8-gnu-toolchain/bin/../lib/gcc/avr/4.9.2/../../../../avr/lib/avr5\libm.a(fp_inf.o)
                              c:/program files (x86)/atmel/studio/7.0/toolchain/avr8/avr8-gnu-toolchain/bin/../lib/gcc/avr/4.9.2/../../../../avr/lib/avr5\libm.a(addsf3x.o) (__fp_inf)
c:/program files (x86)/atmel/studio/7.0/toolchain/avr8/avr8-gnu-toolchain/bin/../lib/gcc/avr/4.9.2/../../../../avr/lib/avr5\libm.a(fp_nan.o)
                              c:/program files (x86)/atmel/studio/7.0/toolchain/avr8/avr8-gnu-toolchain/bin/../lib/gcc/avr/4.9.2/../../../../avr/lib/avr5\libm.a(addsf3x.o) (__fp_nan)
c:/program files (x86)/atmel/studio/7.0/toolchain/avr8/avr8-gnu-toolchain/bin/../lib/gcc/avr/4.9.2/../../../../avr/lib/avr5\libm.a(fp_pscA.o)
                              c:/program files (x86)/atmel/studio/7.0/toolchain/avr8/avr8-gnu-toolchain/bin/../lib/gcc/avr/4.9.2/../../../../avr/lib/avr5\libm.a(addsf3x.o) (__fp_pscA)
c:/program files (x86)/atmel/studio/7.0/toolchain/avr8/avr8-gnu-toolchain/bin/../lib/gcc/avr/4.9.2/../../../../avr/lib/avr5\libm.a(fp_pscB.o)
                              c:/program files (x86)/atmel/studio/7.0/toolchain/avr8/avr8-gnu-toolchain/bin/../lib/gcc/avr/4.9.2/../../../../avr/lib/avr5\libm.a(addsf3x.o) (__fp_pscB)
c:/program files (x86)/atmel/studio/7.0/toolchain/avr8/avr8-gnu-toolchain/bin/../lib/gcc/avr/4.9.2/../../../../avr/lib/avr5\libm.a(fp_round.o)
                              c:/program files (x86)/atmel/studio/7.0/toolchain/avr8/avr8-gnu-toolchain/bin/../lib/gcc/avr/4.9.2/../../../../avr/lib/avr5\libm.a(addsf3.o) (__fp_round)
c:/program files (x86)/atmel/studio/7.0/toolchain/avr8/avr8-gnu-toolchain/bin/../lib/gcc/avr/4.9.2/../../../../avr/lib/avr5\libm.a(fp_split3.o)
                              c:/program files (x86)/atmel/studio/7.0/toolchain/avr8/avr8-gnu-toolchain/bin/../lib/gcc/avr/4.9.2/../../../../avr/lib/avr5\libm.a(addsf3x.o) (__fp_split3)
c:/program files (x86)/atmel/studio/7.0/toolchain/avr8/avr8-gnu-toolchain/bin/../lib/gcc/avr/4.9.2/../../../../avr/lib/avr5\libm.a(fp_zero.o)
                              c:/program files (x86)/atmel/studio/7.0/toolchain/avr8/avr8-gnu-toolchain/bin/../lib/gcc/avr/4.9.2/../../../../avr/lib/avr5\libm.a(addsf3x.o) (__fp_zero)
c:/program files (x86)/atmel/studio/7.0/toolchain/avr8/avr8-gnu-toolchain/bin/../lib/gcc/avr/4.9.2/../../../../avr/lib/avr5\libm.a(gesf2.o)
                              Arduino/src/Print.o (__gtsf2)
c:/program files (x86)/atmel/studio/7.0/toolchain/avr8/avr8-gnu-toolchain/bin/../lib/gcc/avr/4.9.2/../../../../avr/lib/avr5\libm.a(mulsf3.o)
                              Arduino/src/Print.o (__mulsf3)
[...]
Memory Configuration

Name             Origin             Length             Attributes
text             0x00000000         0x00020000         xr
data             0x00800060         0x0000ffa0         rw !x
eeprom           0x00810000         0x00010000         rw !x
fuse             0x00820000         0x00000400         rw !x
lock             0x00830000         0x00000400         rw !x
signature        0x00840000         0x00000400         rw !x
user_signatures  0x00850000         0x00000400         rw !x
*default*        0x00000000         0xffffffff

Linker script and memory map

Address of section .data set to 0x800100
LOAD C:/Program Files (x86)/Atmel/Studio/7.0/Packs/atmel/ATmega_DFP/1.0.90/gcc/dev/atmega328p/avr5/crtatmega328p.o
LOAD Ardos/kernel.o
LOAD Ardos/mutex.o
LOAD Ardos/queue.o
LOAD Ardos/sema.o
LOAD Ardos/task.o
LOAD Arduino/src/abi.o
LOAD Arduino/src/CDC.o
LOAD Arduino/src/HardwareSerial.o
LOAD Arduino/src/HardwareSerial0.o
LOAD Arduino/src/HardwareSerial1.o
LOAD Arduino/src/HardwareSerial2.o
LOAD Arduino/src/HardwareSerial3.o
LOAD Arduino/src/HID.o
LOAD Arduino/src/hooks.o
LOAD Arduino/src/IPAddress.o
LOAD Arduino/src/main.o
LOAD Arduino/src/new.o
LOAD Arduino/src/Print.o
LOAD Arduino/src/Stream.o
LOAD Arduino/src/Tone.o
LOAD Arduino/src/USBCore.o
LOAD Arduino/src/WInterrupts.o
LOAD Arduino/src/wiring.o
LOAD Arduino/src/wiring_analog.o
LOAD Arduino/src/wiring_digital.o
LOAD Arduino/src/wiring_pulse.o
LOAD Arduino/src/wiring_shift.o
LOAD Arduino/src/WMath.o
LOAD Arduino/src/WString.o
LOAD Sketch.o
START GROUP
LOAD c:/program files (x86)/atmel/studio/7.0/toolchain/avr8/avr8-gnu-toolchain/bin/../lib/gcc/avr/4.9.2/../../../../avr/lib/avr5\libm.a
END GROUP
LOAD c:/program files (x86)/atmel/studio/7.0/toolchain/avr8/avr8-gnu-toolchain/bin/../lib/gcc/avr/4.9.2/avr5\libgcc.a
LOAD c:/program files (x86)/atmel/studio/7.0/toolchain/avr8/avr8-gnu-toolchain/bin/../lib/gcc/avr/4.9.2/../../../../avr/lib/avr5\libm.a
START GROUP
LOAD c:/program files (x86)/atmel/studio/7.0/toolchain/avr8/avr8-gnu-toolchain/bin/../lib/gcc/avr/4.9.2/avr5\libgcc.a
LOAD c:/program files (x86)/atmel/studio/7.0/toolchain/avr8/avr8-gnu-toolchain/bin/../lib/gcc/avr/4.9.2/../../../../avr/lib/avr5\libm.a
LOAD c:/program files (x86)/atmel/studio/7.0/toolchain/avr8/avr8-gnu-toolchain/bin/../lib/gcc/avr/4.9.2/../../../../avr/lib/avr5\libc.a
LOAD C:/Program Files (x86)/Atmel/Studio/7.0/Packs/atmel/ATmega_DFP/1.0.90/gcc/dev/atmega328p/avr5\libatmega328p.a
END GROUP

.hash
 *(.hash)

.dynsym
 *(.dynsym)

.dynstr
 *(.dynstr)

.gnu.version
 *(.gnu.version)

.gnu.version_d
 *(.gnu.version_d)

.gnu.version_r
 *(.gnu.version_r)

.rel.init
 *(.rel.init)

.rela.init
 *(.rela.init)

.rel.text
 *(.rel.text)
 *(.rel.text.*)
 *(.rel.gnu.linkonce.t*)

.rela.text
 *(.rela.text)
 *(.rela.text.*)
 *(.rela.gnu.linkonce.t*)

.rel.fini
 *(.rel.fini)

.rela.fini
 *(.rela.fini)

.rel.rodata
 *(.rel.rodata)
 *(.rel.rodata.*)
 *(.rel.gnu.linkonce.r*)

.rela.rodata
 *(.rela.rodata)
 *(.rela.rodata.*)
 *(.rela.gnu.linkonce.r*)

.rel.data
 *(.rel.data)
 *(.rel.data.*)
 *(.rel.gnu.linkonce.d*)

.rela.data
 *(.rela.data)
 *(.rela.data.*)
 *(.rela.gnu.linkonce.d*)

.rel.ctors
 *(.rel.ctors)

.rela.ctors
 *(.rela.ctors)

.rel.dtors
 *(.rel.dtors)

.rela.dtors
 *(.rela.dtors)

.rel.got
 *(.rel.got)

.rela.got
 *(.rela.got)

.rel.bss
 *(.rel.bss)

.rela.bss
 *(.rela.bss)

.rel.plt
 *(.rel.plt)

.rela.plt
 *(.rela.plt)

.text           0x00000000     0x18dc
 *(.vectors)
 .vectors       0x00000000       0x68 C:/Program Files (x86)/Atmel/Studio/7.0/Packs/atmel/ATmega_DFP/1.0.90/gcc/dev/atmega328p/avr5/crtatmega328p.o
                0x00000000                __vector_default
                0x00000000                __vectors
 *(.vectors)
 *(.progmem.gcc*)
                0x00000068                . = ALIGN (0x2)
                0x00000068                __trampolines_start = .
 *(.trampolines)
 .trampolines   0x00000068        0x0 linker stubs
 *(.trampolines*)
                0x00000068                __trampolines_end = .
 *(.progmem*)
 .progmem.data._ZL21tone_pin_to_timer_PGM
                0x00000068        0x1 Arduino/src/Tone.o
 .progmem.data.digital_pin_to_timer_PGM
                0x00000069       0x14 Arduino/src/wiring_digital.o
                0x00000069                digital_pin_to_timer_PGM
 .progmem.data.digital_pin_to_bit_mask_PGM
                0x0000007d       0x14 Arduino/src/wiring_digital.o
                0x0000007d                digital_pin_to_bit_mask_PGM
 .progmem.data.digital_pin_to_port_PGM
                0x00000091       0x14 Arduino/src/wiring_digital.o
                0x00000091                digital_pin_to_port_PGM
 .progmem.data.port_to_output_PGM
                0x000000a5        0xa Arduino/src/wiring_digital.o
                0x000000a5                port_to_output_PGM
 .progmem.data.port_to_mode_PGM
                0x000000af        0xa Arduino/src/wiring_digital.o
                0x000000af                port_to_mode_PGM
                0x000000ba                . = ALIGN (0x2)
 *fill*         0x000000b9        0x1 
 *(.jumptables)
 *(.jumptables*)
 *(.lowtext)
 *(.lowtext*)
                0x000000ba                __ctors_start = .
 *(.ctors)
 .ctors         0x000000ba        0x2 Arduino/src/HardwareSerial0.o
 .ctors         0x000000bc        0x2 Arduino/src/IPAddress.o
                0x000000be                __ctors_end = .
                0x000000be                __dtors_start = .
 *(.dtors)
                0x000000be                __dtors_end = .
 SORT(*)(.ctors)
 SORT(*)(.dtors)
 *(.init0)
 .init0         0x000000be        0x0 C:/Program Files (x86)/Atmel/Studio/7.0/Packs/atmel/ATmega_DFP/1.0.90/gcc/dev/atmega328p/avr5/crtatmega328p.o
                0x000000be                __init
 *(.init0)
 *(.init1)
 *(.init1)
 *(.init2)
 .init2         0x000000be        0xc C:/Program Files (x86)/Atmel/Studio/7.0/Packs/atmel/ATmega_DFP/1.0.90/gcc/dev/atmega328p/avr5/crtatmega328p.o
 *(.init2)
 *(.init3)
 *(.init3)
 *(.init4)
 .init4         0x000000ca       0x16 c:/program files (x86)/atmel/studio/7.0/toolchain/avr8/avr8-gnu-toolchain/bin/../lib/gcc/avr/4.9.2/avr5\libgcc.a(_copy_data.o)
                0x000000ca                __do_copy_data
 .init4         0x000000e0       0x10 c:/program files (x86)/atmel/studio/7.0/toolchain/avr8/avr8-gnu-toolchain/bin/../lib/gcc/avr/4.9.2/avr5\libgcc.a(_clear_bss.o)
                0x000000e0                __do_clear_bss
 *(.init4)
 *(.init5)
 *(.init5)
 *(.init6)
 .init6         0x000000f0       0x16 c:/program files (x86)/atmel/studio/7.0/toolchain/avr8/avr8-gnu-toolchain/bin/../lib/gcc/avr/4.9.2/avr5\libgcc.a(_ctors.o)
                0x000000f0                __do_global_ctors
 *(.init6)
 *(.init7)
 *(.init7)
 *(.init8)
 *(.init8)
 *(.init9)
 .init9         0x00000106        0x8 C:/Program Files (x86)/Atmel/Studio/7.0/Packs/atmel/ATmega_DFP/1.0.90/gcc/dev/atmega328p/avr5/crtatmega328p.o
 *(.init9)
 *(.text)
 .text          0x0000010e        0x4 C:/Program Files (x86)/Atmel/Studio/7.0/Packs/atmel/ATmega_DFP/1.0.90/gcc/dev/atmega328p/avr5/crtatmega328p.o
                0x0000010e                __vector_22
                0x0000010e                __vector_24
                0x0000010e                __vector_12
                0x0000010e                __bad_interrupt
                0x0000010e                __vector_6
                0x0000010e                __vector_3
                0x0000010e                __vector_23
                0x0000010e                __vector_25
                0x0000010e                __vector_11
                0x0000010e                __vector_13
                0x0000010e                __vector_17
                0x0000010e                __vector_5
                0x0000010e                __vector_4
                0x0000010e                __vector_21
                0x0000010e                __vector_15
                0x0000010e                __vector_8
                0x0000010e                __vector_14
                0x0000010e                __vector_10
                0x0000010e                __vector_20
                0x00000112                . = ALIGN (0x2)
 *(.text.*)
 .text._Z7_OSIdlePv
                0x00000112        0x2 Ardos/kernel.o
                0x00000112                _Z7_OSIdlePv
 .text._Z10OSSetErrorj
                0x00000114       0x4c Ardos/kernel.o
                0x00000114                _Z10OSSetErrorj
 .text._Z12OSCreateTaskiPFvPvES_
                0x00000160      0x15a Ardos/kernel.o
                0x00000160                _Z12OSCreateTaskiPFvPvES_
 .text._Z11OSSchedulerv
                0x000002ba       0xbe Ardos/kernel.o
                0x000002ba                _Z11OSSchedulerv
 .text._Z7_OSSwaph
                0x00000378      0x154 Ardos/kernel.o
                0x00000378                _Z7_OSSwaph
 .text._Z6OSSwapv
                0x000004cc        0xe Ardos/kernel.o
                0x000004cc                _Z6OSSwapv
 .text._Z7OSSleepm
                0x000004da       0x6c Ardos/kernel.o
                0x000004da                _Z7OSSleepm
 .text._Z10OSPrioSwapv
                0x00000546        0xe Ardos/kernel.o
                0x00000546                _Z10OSPrioSwapv
 .text.__vector_9
                0x00000554       0xf8 Ardos/kernel.o
                0x00000554                __vector_9
 .text._Z14configureTimerv
                0x0000064c       0x16 Ardos/kernel.o
                0x0000064c                _Z14configureTimerv
 .text._Z6OSInith
                0x00000662       0x28 Ardos/kernel.o
                0x00000662                _Z6OSInith
 .text._Z5OSRunv
                0x0000068a       0x2a Ardos/kernel.o
                0x0000068a                _Z5OSRunv
 .text._Z12OSCreateSemaP2bsjh
                0x000006b4       0x46 Ardos/sema.o
                0x000006b4                _Z12OSCreateSemaP2bsjh
 .text._Z10OSTakeSemaP2bs
                0x000006fa       0x50 Ardos/sema.o
                0x000006fa                _Z10OSTakeSemaP2bs
 .text._Z10OSGiveSemaP2bs
                0x0000074a       0x64 Ardos/sema.o
                0x0000074a                _Z10OSGiveSemaP2bs
 .text._Z7prioEnqiP2tcP2tq
                0x000007ae      0x1c4 Ardos/task.o
                0x000007ae                _Z7prioEnqiP2tcP2tq
 .text._Z7procEnqiP2tcP2tq
                0x00000972        0x6 Ardos/task.o
                0x00000972                _Z7procEnqiP2tcP2tq
 .text._Z8procPeekP2tq
                0x00000978       0x28 Ardos/task.o
                0x00000978                _Z8procPeekP2tq
 .text._Z7procDeqP2tq
                0x000009a0       0x3a Ardos/task.o
                0x000009a0                _Z7procDeqP2tq
 .text._Z5initQPhhP2tq
                0x000009da       0x44 Ardos/task.o
                0x000009da                _Z5initQPhhP2tq
 .text._ZN14HardwareSerial9availableEv
                0x00000a1e       0x18 Arduino/src/HardwareSerial.o
                0x00000a1e                _ZN14HardwareSerial9availableEv
 .text._ZN14HardwareSerial4peekEv
                0x00000a36       0x1c Arduino/src/HardwareSerial.o
                0x00000a36                _ZN14HardwareSerial4peekEv
 .text._ZN14HardwareSerial4readEv
                0x00000a52       0x28 Arduino/src/HardwareSerial.o
                0x00000a52                _ZN14HardwareSerial4readEv
 .text._Z14serialEventRunv
                0x00000a7a       0x1c Arduino/src/HardwareSerial.o
                0x00000a7a                _Z14serialEventRunv
 .text._ZN14HardwareSerial17_tx_udr_empty_irqEv
                0x00000a96       0x54 Arduino/src/HardwareSerial.o
                0x00000a96                _ZN14HardwareSerial17_tx_udr_empty_irqEv
 .text._ZN14HardwareSerial5flushEv
                0x00000aea       0x44 Arduino/src/HardwareSerial.o
                0x00000aea                _ZN14HardwareSerial5flushEv
 .text._ZN14HardwareSerial5writeEh
                0x00000b2e       0x9e Arduino/src/HardwareSerial.o
                0x00000b2e                _ZN14HardwareSerial5writeEh
 .text._ZN14HardwareSerial5beginEmh
                0x00000bcc       0xd2 Arduino/src/HardwareSerial.o
                0x00000bcc                _ZN14HardwareSerial5beginEmh
 .text.__vector_18
                0x00000c9e       0x70 Arduino/src/HardwareSerial0.o
                0x00000c9e                __vector_18
 .text.__vector_19
                0x00000d0e       0x4c Arduino/src/HardwareSerial0.o
                0x00000d0e                __vector_19
 .text._Z17Serial0_availablev
                0x00000d5a       0x14 Arduino/src/HardwareSerial0.o
                0x00000d5a                _Z17Serial0_availablev
 .text._GLOBAL__sub_I___vector_18
                0x00000d6e       0x5a Arduino/src/HardwareSerial0.o
 .text._ZNK9IPAddress7printToER5Print
                0x00000dc8       0x84 Arduino/src/IPAddress.o
                0x00000dc8                _ZNK9IPAddress7printToER5Print
 .text._GLOBAL__sub_I__ZN9IPAddressC2Ev
                0x00000e4c       0x16 Arduino/src/IPAddress.o
 .text.initVariant
                0x00000e62        0x2 Arduino/src/main.o
                0x00000e62                initVariant
 .text.main     0x00000e64       0x1e Arduino/src/main.o
                0x00000e64                main
 .text._ZN5Print5writeEPKhj
                0x00000e82       0x5a Arduino/src/Print.o
                0x00000e82                _ZN5Print5writeEPKhj
 .text._ZN5Print5printEPKc
                0x00000edc       0x2c Arduino/src/Print.o
                0x00000edc                _ZN5Print5printEPKc
 .text._ZN5Print5printEc
                0x00000f08       0x10 Arduino/src/Print.o
                0x00000f08                _ZN5Print5printEc
 .text._ZN5Print7printlnEv
                0x00000f18       0x18 Arduino/src/Print.o
                0x00000f18                _ZN5Print7printlnEv
 .text._ZN5Print11printNumberEmh
                0x00000f30       0xe6 Arduino/src/Print.o
                0x00000f30                _ZN5Print11printNumberEmh
 .text._ZN5Print5printEmi
                0x00001016       0x1e Arduino/src/Print.o
                0x00001016                _ZN5Print5printEmi
 .text._ZN5Print5printEhi
                0x00001034       0x10 Arduino/src/Print.o
                0x00001034                _ZN5Print5printEhi
 .text._ZN5Print7printlnEji
                0x00001044       0x2c Arduino/src/Print.o
                0x00001044                _ZN5Print7printlnEji
 .text._Z12disableTimerh
                0x00001070       0x40 Arduino/src/Tone.o
                0x00001070                _Z12disableTimerh
 .text._Z6noToneh
                0x000010b0       0x2e Arduino/src/Tone.o
                0x000010b0                _Z6noToneh
 .text.__vector_7
                0x000010de       0xb8 Arduino/src/Tone.o
                0x000010de                __vector_7
 .text.attachInterrupt
                0x00001196       0x46 Arduino/src/WInterrupts.o
                0x00001196                attachInterrupt
 .text.__vector_1
                0x000011dc       0x5a Arduino/src/WInterrupts.o
                0x000011dc                __vector_1
 .text.__vector_2
                0x00001236       0x5a Arduino/src/WInterrupts.o
                0x00001236                __vector_2
 .text.__vector_16
                0x00001290       0x94 Arduino/src/wiring.o
                0x00001290                __vector_16
 .text.init     0x00001324       0x76 Arduino/src/wiring.o
                0x00001324                init
 .text.turnOffPWM
                0x0000139a       0x5e Arduino/src/wiring_digital.o
 .text.pinMode  0x000013f8       0x7e Arduino/src/wiring_digital.o
                0x000013f8                pinMode
 .text.digitalWrite
                0x00001476       0x62 Arduino/src/wiring_digital.o
                0x00001476                digitalWrite
 .text._Z5task1Pv
                0x000014d8       0x24 Sketch.o
                0x000014d8                _Z5task1Pv
 .text._Z5task2Pv
                0x000014fc       0x2a Sketch.o
                0x000014fc                _Z5task2Pv
 .text._Z7int0ISRv
                0x00001526       0x18 Sketch.o
                0x00001526                _Z7int0ISRv
 .text.setup    0x0000153e       0x58 Sketch.o
                0x0000153e                setup
 .text.loop     0x00001596        0x2 Sketch.o
                0x00001596                loop
 .text.libgcc.div
                0x00001598       0x28 c:/program files (x86)/atmel/studio/7.0/toolchain/avr8/avr8-gnu-toolchain/bin/../lib/gcc/avr/4.9.2/avr5\libgcc.a(_udivmodhi4.o)
                0x00001598                __udivmodhi4
 .text.libgcc.div
                0x000015c0       0x28 c:/program files (x86)/atmel/studio/7.0/toolchain/avr8/avr8-gnu-toolchain/bin/../lib/gcc/avr/4.9.2/avr5\libgcc.a(_divmodhi4.o)
                0x000015c0                _div
                0x000015c0                __divmodhi4
 .text.libgcc.div
                0x000015e8       0x44 c:/program files (x86)/atmel/studio/7.0/toolchain/avr8/avr8-gnu-toolchain/bin/../lib/gcc/avr/4.9.2/avr5\libgcc.a(_udivmodsi4.o)
                0x000015e8                __udivmodsi4
 .text.libgcc   0x0000162c        0xc c:/program files (x86)/atmel/studio/7.0/toolchain/avr8/avr8-gnu-toolchain/bin/../lib/gcc/avr/4.9.2/avr5\libgcc.a(_tablejump2.o)
                0x0000162c                __tablejump2__
 .text.avr-libc
                0x00001638       0x38 c:/program files (x86)/atmel/studio/7.0/toolchain/avr8/avr8-gnu-toolchain/bin/../lib/gcc/avr/4.9.2/../../../../avr/lib/avr5\libc.a(calloc.o)
                0x00001638                calloc
 .text.avr-libc
                0x00001670      0x25a c:/program files (x86)/atmel/studio/7.0/toolchain/avr8/avr8-gnu-toolchain/bin/../lib/gcc/avr/4.9.2/../../../../avr/lib/avr5\libc.a(malloc.o)
                0x00001670                malloc
                0x0000179a                free
 .text.avr-libc
                0x000018ca        0xe c:/program files (x86)/atmel/studio/7.0/toolchain/avr8/avr8-gnu-toolchain/bin/../lib/gcc/avr/4.9.2/../../../../avr/lib/avr5\libc.a(memset.o)
                0x000018ca                memset
                0x000018d8                . = ALIGN (0x2)
 *(.fini9)
 .fini9         0x000018d8        0x0 c:/program files (x86)/atmel/studio/7.0/toolchain/avr8/avr8-gnu-toolchain/bin/../lib/gcc/avr/4.9.2/avr5\libgcc.a(_exit.o)
                0x000018d8                _exit
                0x000018d8                exit
 *(.fini9)
 *(.fini8)
 *(.fini8)
 *(.fini7)
 *(.fini7)
 *(.fini6)
 *(.fini6)
 *(.fini5)
 *(.fini5)
 *(.fini4)
 *(.fini4)
 *(.fini3)
 *(.fini3)
 *(.fini2)
 *(.fini2)
 *(.fini1)
 *(.fini1)
 *(.fini0)
 .fini0         0x000018d8        0x4 c:/program files (x86)/atmel/studio/7.0/toolchain/avr8/avr8-gnu-toolchain/bin/../lib/gcc/avr/4.9.2/avr5\libgcc.a(_exit.o)
 *(.fini0)
                0x000018dc                _etext = .

.data           0x00800100       0x3a load address 0x000018dc
                0x00800100                PROVIDE (__data_start, .)
 *(.data)
 .data          0x00800100        0x6 c:/program files (x86)/atmel/studio/7.0/toolchain/avr8/avr8-gnu-toolchain/bin/../lib/gcc/avr/4.9.2/../../../../avr/lib/avr5\libc.a(malloc.o)
                0x00800100                __malloc_heap_end
                0x00800102                __malloc_heap_start
                0x00800104                __malloc_margin
 *(.data*)
 .data._running
                0x00800106        0x1 Ardos/kernel.o
                0x00800106                _running
 .data._taskStackSize
                0x00800107        0x1 Ardos/kernel.o
                0x00800107                _taskStackSize
 .data._ZL9tone_pins
                0x00800108        0x1 Arduino/src/Tone.o
 .data.flag     0x00800109        0x1 Sketch.o
                0x00800109                flag
 *(.rodata)
 *(.rodata*)
 .rodata.str1.1
                0x0080010a        0x8 Ardos/kernel.o
 .rodata._ZTV14HardwareSerial
                0x00800112       0x10 Arduino/src/HardwareSerial.o
                0x00800112                _ZTV14HardwareSerial
 .rodata._ZTV9IPAddress
                0x00800122        0x6 Arduino/src/IPAddress.o
                0x00800122                _ZTV9IPAddress
 .rodata.str1.1
                0x00800128       0x11 Arduino/src/Print.o
 *(.gnu.linkonce.d*)
                0x0080013a                . = ALIGN (0x2)
 *fill*         0x00800139        0x1 
                0x0080013a                _edata = .
                0x0080013a                PROVIDE (__data_end, .)

.bss            0x0080013a      0x17d
                0x0080013a                PROVIDE (__bss_start, .)
 *(.bss)
 *(.bss*)
 .bss._sleepFlag
                0x0080013a        0x2 Ardos/kernel.o
                0x0080013a                _sleepFlag
 .bss._sleepTime
                0x0080013c       0x20 Ardos/kernel.o
                0x0080013c                _sleepTime
 .bss._suspend  0x0080015c        0x1 Ardos/kernel.o
                0x0080015c                _suspend
 .bss._forcedSwap
                0x0080015d        0x1 Ardos/kernel.o
                0x0080015d                _forcedSwap
 .bss._errno    0x0080015e        0x2 Ardos/kernel.o
                0x0080015e                _errno
 .bss._osticks  0x00800160        0x4 Ardos/kernel.o
                0x00800160                _osticks
 .bss._ready    0x00800164        0x6 Ardos/kernel.o
                0x00800164                _ready
 .bss._ZL9_readybuf
                0x0080016a        0x8 Ardos/kernel.o
 .bss._tasks    0x00800172       0x68 Ardos/kernel.o
                0x00800172                _tasks
 .bss._procCount
                0x008001da        0x1 Ardos/kernel.o
                0x008001da                _procCount
 .bss._maxTasks
                0x008001db        0x1 Ardos/kernel.o
                0x008001db                _maxTasks
 .bss._numTasks
                0x008001dc        0x1 Ardos/kernel.o
                0x008001dc                _numTasks
 .bss.pxFuncArg
                0x008001dd        0x4 Ardos/kernel.o
                0x008001dd                pxFuncArg
 .bss.pxFuncPtr
                0x008001e1        0x4 Ardos/kernel.o
                0x008001e1                pxFuncPtr
 .bss.pxCurrentTCB
                0x008001e5        0x4 Ardos/kernel.o
                0x008001e5                pxCurrentTCB
 .bss._csreg    0x008001e9        0x1 Ardos/kernel.o
                0x008001e9                _csreg
 .bss.Serial    0x008001ea       0x9d Arduino/src/HardwareSerial0.o
                0x008001ea                Serial
 .bss._ZL11INADDR_NONE
                0x00800287        0x6 Arduino/src/IPAddress.o
 .bss.timer2_pin_mask
                0x0080028d        0x1 Arduino/src/Tone.o
                0x0080028d                timer2_pin_mask
 .bss.timer2_pin_port
                0x0080028e        0x2 Arduino/src/Tone.o
                0x0080028e                timer2_pin_port
 .bss.timer2_toggle_count
                0x00800290        0x4 Arduino/src/Tone.o
                0x00800290                timer2_toggle_count
 .bss.intFunc   0x00800294        0x4 Arduino/src/WInterrupts.o
 .bss.timer0_fract
                0x00800298        0x1 Arduino/src/wiring.o
 .bss.timer0_millis
                0x00800299        0x4 Arduino/src/wiring.o
                0x00800299                timer0_millis
 .bss.timer0_overflow_count
                0x0080029d        0x4 Arduino/src/wiring.o
                0x0080029d                timer0_overflow_count
 .bss.sema      0x008002a1       0x12 Sketch.o
                0x008002a1                sema
 *(COMMON)
 COMMON         0x008002b3        0x4 c:/program files (x86)/atmel/studio/7.0/toolchain/avr8/avr8-gnu-toolchain/bin/../lib/gcc/avr/4.9.2/../../../../avr/lib/avr5\libc.a(malloc.o)
                0x008002b3                __brkval
                0x008002b5                __flp
                0x008002b7                PROVIDE (__bss_end, .)
                0x000018dc                __data_load_start = LOADADDR (.data)
                0x00001916                __data_load_end = (__data_load_start + SIZEOF (.data))

.noinit         0x008002b7        0x0
                0x008002b7                PROVIDE (__noinit_start, .)
 *(.noinit*)
                0x008002b7                PROVIDE (__noinit_end, .)
                0x008002b7                _end = .
                0x008002b7                PROVIDE (__heap_start, .)

.eeprom         0x00810000        0x0
 *(.eeprom*)
                0x00810000                __eeprom_end = .

.fuse
 *(.fuse)
 *(.lfuse)
 *(.hfuse)
 *(.efuse)

.lock
 *(.lock*)

.signature
 *(.signature*)

.user_signatures
 *(.user_signatures*)

.stab
 *(.stab)

.stabstr
 *(.stabstr)

.stab.excl
 *(.stab.excl)

.stab.exclstr
 *(.stab.exclstr)

.stab.index
 *(.stab.index)

.stab.indexstr
 *(.stab.indexstr)

.comment        0x00000000       0x30
 *(.comment)
 .comment       0x00000000       0x30 Ardos/kernel.o
                                 0x31 (size before relaxing)
 .comment       0x00000030       0x31 Ardos/sema.o
 .comment       0x00000030       0x31 Ardos/task.o
 .comment       0x00000030       0x31 Arduino/src/HardwareSerial.o
 .comment       0x00000030       0x31 Arduino/src/HardwareSerial0.o
 .comment       0x00000030       0x31 Arduino/src/IPAddress.o
 .comment       0x00000030       0x31 Arduino/src/main.o
 .comment       0x00000030       0x31 Arduino/src/Print.o
 .comment       0x00000030       0x31 Arduino/src/Tone.o
 .comment       0x00000030       0x31 Arduino/src/WInterrupts.o
 .comment       0x00000030       0x31 Arduino/src/wiring.o
 .comment       0x00000030       0x31 Arduino/src/wiring_digital.o
 .comment       0x00000030       0x31 Sketch.o
 .comment       0x00000030       0x31 c:/program files (x86)/atmel/studio/7.0/toolchain/avr8/avr8-gnu-toolchain/bin/../lib/gcc/avr/4.9.2/../../../../avr/lib/avr5\libc.a(calloc.o)
 .comment       0x00000030       0x31 c:/program files (x86)/atmel/studio/7.0/toolchain/avr8/avr8-gnu-toolchain/bin/../lib/gcc/avr/4.9.2/../../../../avr/lib/avr5\libc.a(malloc.o)

.note.gnu.avr.deviceinfo
                0x00000000       0x40
 .note.gnu.avr.deviceinfo
                0x00000000       0x40 C:/Program Files (x86)/Atmel/Studio/7.0/Packs/atmel/ATmega_DFP/1.0.90/gcc/dev/atmega328p/avr5/crtatmega328p.o

.note.gnu.build-id
 *(.note.gnu.build-id)

.debug
 *(.debug)

.line
 *(.line)

.debug_srcinfo
 *(.debug_srcinfo)

.debug_sfnames
 *(.debug_sfnames)

.debug_aranges  0x00000000      0x460
 *(.debug_aranges)
 .debug_aranges
                0x00000000       0xa8 Ardos/kernel.o
 .debug_aranges
                0x000000a8       0x30 Ardos/sema.o
 .debug_aranges
                0x000000d8       0x40 Ardos/task.o
 .debug_aranges
                0x00000118       0x68 Arduino/src/HardwareSerial.o
 .debug_aranges
                0x00000180       0x38 Arduino/src/HardwareSerial0.o
 .debug_aranges
                0x000001b8       0x60 Arduino/src/IPAddress.o
 .debug_aranges
                0x00000218       0x30 Arduino/src/main.o
 .debug_aranges
                0x00000248       0xe8 Arduino/src/Print.o
 .debug_aranges
                0x00000330       0x38 Arduino/src/Tone.o
 .debug_aranges
                0x00000368       0x38 Arduino/src/WInterrupts.o
 .debug_aranges
                0x000003a0       0x48 Arduino/src/wiring.o
 .debug_aranges
                0x000003e8       0x38 Arduino/src/wiring_digital.o
 .debug_aranges
                0x00000420       0x40 Sketch.o

.debug_pubnames
 *(.debug_pubnames)

.debug_info     0x00000000     0x8f31
 *(.debug_info .gnu.linkonce.wi.*)
 .debug_info    0x00000000      0xbeb Ardos/kernel.o
 .debug_info    0x00000beb      0x4f1 Ardos/sema.o
 .debug_info    0x000010dc      0x445 Ardos/task.o
 .debug_info    0x00001521     0x1a4d Arduino/src/HardwareSerial.o
 .debug_info    0x00002f6e     0x1724 Arduino/src/HardwareSerial0.o
 .debug_info    0x00004692      0x98f Arduino/src/IPAddress.o
 .debug_info    0x00005021      0x1ed Arduino/src/main.o
 .debug_info    0x0000520e     0x25a5 Arduino/src/Print.o
 .debug_info    0x000077b3      0x73f Arduino/src/Tone.o
 .debug_info    0x00007ef2      0x200 Arduino/src/WInterrupts.o
 .debug_info    0x000080f2      0x2bb Arduino/src/wiring.o
 .debug_info    0x000083ad      0x5d6 Arduino/src/wiring_digital.o
 .debug_info    0x00008983      0x5ae Sketch.o

.debug_abbrev   0x00000000     0x1ccd
 *(.debug_abbrev)
 .debug_abbrev  0x00000000      0x3ad Ardos/kernel.o
 .debug_abbrev  0x000003ad      0x188 Ardos/sema.o
 .debug_abbrev  0x00000535      0x193 Ardos/task.o
 .debug_abbrev  0x000006c8      0x370 Arduino/src/HardwareSerial.o
 .debug_abbrev  0x00000a38      0x35d Arduino/src/HardwareSerial0.o
 .debug_abbrev  0x00000d95      0x33d Arduino/src/IPAddress.o
 .debug_abbrev  0x000010d2       0xd1 Arduino/src/main.o
 .debug_abbrev  0x000011a3      0x3b0 Arduino/src/Print.o
 .debug_abbrev  0x00001553      0x261 Arduino/src/Tone.o
 .debug_abbrev  0x000017b4       0xe6 Arduino/src/WInterrupts.o
 .debug_abbrev  0x0000189a      0x145 Arduino/src/wiring.o
 .debug_abbrev  0x000019df      0x149 Arduino/src/wiring_digital.o
 .debug_abbrev  0x00001b28      0x1a5 Sketch.o

.debug_line     0x00000000     0x19bf
 *(.debug_line .debug_line.* .debug_line_end)
 .debug_line    0x00000000      0x38b Ardos/kernel.o
 .debug_line    0x0000038b      0x121 Ardos/sema.o
 .debug_line    0x000004ac      0x1af Ardos/task.o
 .debug_line    0x0000065b      0x2db Arduino/src/HardwareSerial.o
 .debug_line    0x00000936      0x202 Arduino/src/HardwareSerial0.o
 .debug_line    0x00000b38      0x222 Arduino/src/IPAddress.o
 .debug_line    0x00000d5a      0x11f Arduino/src/main.o
 .debug_line    0x00000e79      0x3fd Arduino/src/Print.o
 .debug_line    0x00001276      0x1db Arduino/src/Tone.o
 .debug_line    0x00001451      0x138 Arduino/src/WInterrupts.o
 .debug_line    0x00001589      0x185 Arduino/src/wiring.o
 .debug_line    0x0000170e      0x14f Arduino/src/wiring_digital.o
 .debug_line    0x0000185d      0x162 Sketch.o

.debug_frame    0x00000000      0xcc8
 *(.debug_frame)
 .debug_frame   0x00000000      0x178 Ardos/kernel.o
 .debug_frame   0x00000178       0x64 Ardos/sema.o
 .debug_frame   0x000001dc       0xc8 Ardos/task.o
 .debug_frame   0x000002a4      0x104 Arduino/src/HardwareSerial.o
 .debug_frame   0x000003a8       0xcc Arduino/src/HardwareSerial0.o
 .debug_frame   0x00000474       0xe8 Arduino/src/IPAddress.o
 .debug_frame   0x0000055c       0x44 Arduino/src/main.o
 .debug_frame   0x000005a0      0x3a8 Arduino/src/Print.o
 .debug_frame   0x00000948      0x100 Arduino/src/Tone.o
 .debug_frame   0x00000a48       0xe4 Arduino/src/WInterrupts.o
 .debug_frame   0x00000b2c       0xbc Arduino/src/wiring.o
 .debug_frame   0x00000be8       0x7c Arduino/src/wiring_digital.o
 .debug_frame   0x00000c64       0x64 Sketch.o

.debug_str      0x00000000     0x209e
 *(.debug_str)
 .debug_str     0x00000000      0x5f4 Ardos/kernel.o
                                0x67b (size before relaxing)
 .debug_str     0x000005f4       0xc3 Ardos/sema.o
                                0x3bc (size before relaxing)
 .debug_str     0x000006b7       0x21 Ardos/task.o
                                0x301 (size before relaxing)
 .debug_str     0x000006d8      0xf20 Arduino/src/HardwareSerial.o
                               0x1213 (size before relaxing)
 .debug_str     0x000015f8       0x8e Arduino/src/HardwareSerial0.o
                               0x100d (size before relaxing)
 .debug_str     0x00001686      0x25e Arduino/src/IPAddress.o
                                0x54e (size before relaxing)
 .debug_str     0x000018e4       0x3b Arduino/src/main.o
                                0x27d (size before relaxing)
 .debug_str     0x0000191f      0x352 Arduino/src/Print.o
                                0xeb3 (size before relaxing)
 .debug_str     0x00001c71      0x19e Arduino/src/Tone.o
                                0x40e (size before relaxing)
 .debug_str     0x00001e0f      0x14e Arduino/src/WInterrupts.o
                                0x24d (size before relaxing)
 .debug_str     0x00001f5d       0x88 Arduino/src/wiring.o
                                0x25f (size before relaxing)
 .debug_str     0x00001fe5       0x73 Arduino/src/wiring_digital.o
                                0x2cd (size before relaxing)
 .debug_str     0x00002058       0x46 Sketch.o
                                0x39e (size before relaxing)

.debug_loc      0x00000000     0x4580
 *(.debug_loc)
 .debug_loc     0x00000000      0x3a3 Ardos/kernel.o
 .debug_loc     0x000003a3      0x1f7 Ardos/sema.o
 .debug_loc     0x0000059a      0x471 Ardos/task.o
 .debug_loc     0x00000a0b      0x447 Arduino/src/HardwareSerial.o
 .debug_loc     0x00000e52      0x17b Arduino/src/HardwareSerial0.o
 .debug_loc     0x00000fcd      0x2c0 Arduino/src/IPAddress.o
 .debug_loc     0x0000128d     0x1ddf Arduino/src/Print.o
 .debug_loc     0x0000306c      0xb12 Arduino/src/Tone.o
 .debug_loc     0x00003b7e      0x214 Arduino/src/WInterrupts.o
 .debug_loc     0x00003d92      0x22a Arduino/src/wiring.o
 .debug_loc     0x00003fbc      0x5c4 Arduino/src/wiring_digital.o

.debug_macinfo
 *(.debug_macinfo)

.debug_weaknames
 *(.debug_weaknames)

.debug_funcnames
 *(.debug_funcnames)

.debug_typenames
 *(.debug_typenames)

.debug_varnames
 *(.debug_varnames)

.debug_pubtypes
 *(.debug_pubtypes)

.debug_ranges   0x00000000      0x3d8
 *(.debug_ranges)
 .debug_ranges  0x00000000       0x98 Ardos/kernel.o
 .debug_ranges  0x00000098       0x20 Ardos/sema.o
 .debug_ranges  0x000000b8       0x30 Ardos/task.o
 .debug_ranges  0x000000e8       0x58 Arduino/src/HardwareSerial.o
 .debug_ranges  0x00000140       0x28 Arduino/src/HardwareSerial0.o
 .debug_ranges  0x00000168       0x50 Arduino/src/IPAddress.o
 .debug_ranges  0x000001b8       0x20 Arduino/src/main.o
 .debug_ranges  0x000001d8       0xf0 Arduino/src/Print.o
 .debug_ranges  0x000002c8       0x58 Arduino/src/Tone.o
 .debug_ranges  0x00000320       0x28 Arduino/src/WInterrupts.o
 .debug_ranges  0x00000348       0x38 Arduino/src/wiring.o
 .debug_ranges  0x00000380       0x28 Arduino/src/wiring_digital.o
 .debug_ranges  0x000003a8       0x30 Sketch.o

.debug_macro
 *(.debug_macro)
OUTPUT(ArdosAVRGCC.elf elf32-avr)
LOAD linker stubs
